// Jest Snapshot v1, https://goo.gl/fbAQLP

exports[`WeatherItem shoud match snapshot 1`] = `"<div class=\\"weather__item\\"><p class=\\"weather__day\\">Monday</p><p class=\\"weather__date\\">28</p><p class=\\"weather__month\\">February</p><p class=\\"weather__year\\">2022 year</p><img class=\\"weather__description\\" src=\\"snow.png\\" alt=\\"weather\\"><div class=\\"weather__temperature-wrapper\\"><div class=\\"weather__min-temperature\\"><p class=\\"weather__min-description\\">min</p><p class=\\"weather__min-value\\">-3<span>°</span></p></div><div class=\\"weather__max-temperature\\"><p class=\\"weather__max-description\\">max</p><p class=\\"weather__max-value\\">4<span>°</span></p></div></div><p class=\\"weather__atmospheric-pressure\\">Atmospheric pressure: 720</p><p class=\\"weather__humidity\\">Reletive humidity: 80</p><p class=\\"weather__wind-speed\\">Wind speed: 8</p><p class=\\"weather__wind-direction\\">Wind direction: South</p></div>"`;
