// Jest Snapshot v1, https://goo.gl/fbAQLP

exports[`WeatherItems shoud match snapshot 1`] = `"<div class=\\"weather\\"><h1 class=\\"weather__title\\">Weather</h1><div class=\\"weather__items\\"><div class=\\"weather__item\\"><p class=\\"weather__day\\">Monday</p><p class=\\"weather__date\\">28</p><p class=\\"weather__month\\">February</p><p class=\\"weather__year\\">2022 year</p><img class=\\"weather__description\\" src=\\"snow.png\\" alt=\\"weather\\"/><div class=\\"weather__temperature-wrapper\\"><div class=\\"weather__min-temperature\\"><p class=\\"weather__min-description\\">min</p><p class=\\"weather__min-value\\">-3<span>°</span></p></div><div class=\\"weather__max-temperature\\"><p class=\\"weather__max-description\\">max</p><p class=\\"weather__max-value\\">4<span>°</span></p></div></div><p class=\\"weather__atmospheric-pressure\\">Atmospheric pressure: 720</p><p class=\\"weather__humidity\\">Reletive humidity: 80</p><p class=\\"weather__wind-speed\\">Wind speed: 8</p><p class=\\"weather__wind-direction\\">Wind direction: South</p></div><div class=\\"weather__item\\"><p class=\\"weather__day\\">Tuesday</p><p class=\\"weather__date\\">1</p><p class=\\"weather__month\\">March</p><p class=\\"weather__year\\">2022 year</p><img class=\\"weather__description\\" src=\\"snow.png\\" alt=\\"weather\\"/><div class=\\"weather__temperature-wrapper\\"><div class=\\"weather__min-temperature\\"><p class=\\"weather__min-description\\">min</p><p class=\\"weather__min-value\\">-2<span>°</span></p></div><div class=\\"weather__max-temperature\\"><p class=\\"weather__max-description\\">max</p><p class=\\"weather__max-value\\">6<span>°</span></p></div></div><p class=\\"weather__atmospheric-pressure\\">Atmospheric pressure: 735</p><p class=\\"weather__humidity\\">Reletive humidity: 77</p><p class=\\"weather__wind-speed\\">Wind speed: 3.9</p><p class=\\"weather__wind-direction\\">Wind direction: South-East</p></div><div class=\\"weather__item\\"><p class=\\"weather__day\\">Wednesday</p><p class=\\"weather__date\\">2</p><p class=\\"weather__month\\">March</p><p class=\\"weather__year\\">2022 year</p><img class=\\"weather__description\\" src=\\"wind.png\\" alt=\\"weather\\"/><div class=\\"weather__temperature-wrapper\\"><div class=\\"weather__min-temperature\\"><p class=\\"weather__min-description\\">min</p><p class=\\"weather__min-value\\">-2<span>°</span></p></div><div class=\\"weather__max-temperature\\"><p class=\\"weather__max-description\\">max</p><p class=\\"weather__max-value\\">5<span>°</span></p></div></div><p class=\\"weather__atmospheric-pressure\\">Atmospheric pressure: 740</p><p class=\\"weather__humidity\\">Reletive humidity: 63</p><p class=\\"weather__wind-speed\\">Wind speed: 4.3</p><p class=\\"weather__wind-direction\\">Wind direction: North</p></div><div class=\\"weather__item\\"><p class=\\"weather__day\\">Thursday</p><p class=\\"weather__date\\">3</p><p class=\\"weather__month\\">March</p><p class=\\"weather__year\\">2022 year</p><img class=\\"weather__description\\" src=\\"rain.png\\" alt=\\"weather\\"/><div class=\\"weather__temperature-wrapper\\"><div class=\\"weather__min-temperature\\"><p class=\\"weather__min-description\\">min</p><p class=\\"weather__min-value\\">-1<span>°</span></p></div><div class=\\"weather__max-temperature\\"><p class=\\"weather__max-description\\">max</p><p class=\\"weather__max-value\\">3<span>°</span></p></div></div><p class=\\"weather__atmospheric-pressure\\">Atmospheric pressure: 730</p><p class=\\"weather__humidity\\">Reletive humidity: 73</p><p class=\\"weather__wind-speed\\">Wind speed: 3.4</p><p class=\\"weather__wind-direction\\">Wind direction: North-West</p></div><div class=\\"weather__item\\"><p class=\\"weather__day\\">Friday</p><p class=\\"weather__date\\">4</p><p class=\\"weather__month\\">March</p><p class=\\"weather__year\\">2022 year</p><img class=\\"weather__description\\" src=\\"wind.png\\" alt=\\"weather\\"/><div class=\\"weather__temperature-wrapper\\"><div class=\\"weather__min-temperature\\"><p class=\\"weather__min-description\\">min</p><p class=\\"weather__min-value\\">0<span>°</span></p></div><div class=\\"weather__max-temperature\\"><p class=\\"weather__max-description\\">max</p><p class=\\"weather__max-value\\">6<span>°</span></p></div></div><p class=\\"weather__atmospheric-pressure\\">Atmospheric pressure: 729</p><p class=\\"weather__humidity\\">Reletive humidity: 87</p><p class=\\"weather__wind-speed\\">Wind speed: 3</p><p class=\\"weather__wind-direction\\">Wind direction: East</p></div><div class=\\"weather__item\\"><p class=\\"weather__day\\">Saturday</p><p class=\\"weather__date\\">5</p><p class=\\"weather__month\\">March</p><p class=\\"weather__year\\">2022 year</p><img class=\\"weather__description\\" src=\\"sun.png\\" alt=\\"weather\\"/><div class=\\"weather__temperature-wrapper\\"><div class=\\"weather__min-temperature\\"><p class=\\"weather__min-description\\">min</p><p class=\\"weather__min-value\\">1<span>°</span></p></div><div class=\\"weather__max-temperature\\"><p class=\\"weather__max-description\\">max</p><p class=\\"weather__max-value\\">8<span>°</span></p></div></div><p class=\\"weather__atmospheric-pressure\\">Atmospheric pressure: 738</p><p class=\\"weather__humidity\\">Reletive humidity: 63</p><p class=\\"weather__wind-speed\\">Wind speed: 3.3</p><p class=\\"weather__wind-direction\\">Wind direction: West</p></div><div class=\\"weather__item\\"><p class=\\"weather__day\\">Sunday</p><p class=\\"weather__date\\">6</p><p class=\\"weather__month\\">March</p><p class=\\"weather__year\\">2022 year</p><img class=\\"weather__description\\" src=\\"sun.png\\" alt=\\"weather\\"/><div class=\\"weather__temperature-wrapper\\"><div class=\\"weather__min-temperature\\"><p class=\\"weather__min-description\\">min</p><p class=\\"weather__min-value\\">2<span>°</span></p></div><div class=\\"weather__max-temperature\\"><p class=\\"weather__max-description\\">max</p><p class=\\"weather__max-value\\">9<span>°</span></p></div></div><p class=\\"weather__atmospheric-pressure\\">Atmospheric pressure: 742</p><p class=\\"weather__humidity\\">Reletive humidity: 78</p><p class=\\"weather__wind-speed\\">Wind speed: 3.4</p><p class=\\"weather__wind-direction\\">Wind direction: South-West</p></div></div></div>"`;
